RC51 COMPILER V03.03.40,  SENSOR                  10/14/13  21:14:40  PAGE  1

QCW(0x00002F32)

WIN32 RC51 COMPILER V03.03.40, COMPILATION OF MODULE SENSOR    
OBJECT MODULE PLACED IN q:\robo\oficial\headers\sensor.obj
COMPILER INVOKED BY: RC51.EXE Q:\ROBO\OFICIAL\HEADERS\SENSOR.H OBJECT(Q:\ROBO\OF
            -ICIAL\HEADERS\SENSOR.OBJ) PIN(C:\RIDE\INC;C:\RIDE\INC\51) PIN(C:\RI
            -DE\INC\51\) NOAM PR(Q:\ROBO\OFICIAL\HEADERS\SENSOR.LST) CD SB OE(1)
            - SM FP(NOFLOAT) PW(80) NOIS UNSIGNEDCHAR ET(CHAR) 

stmt level    source
   1          
   2          /*********************************************
   3          
   4          
   5                        SENSORES
   6          
   7          *********************************************/
   8          void sensorEsquerdo(void){
   9   1       	trigger = 1;

ERROR C014 IN LINE 9 OF sensor.h : Undefined 'trigger'
  10   1       	delay(0);

WARNING C090 IN LINE 10 OF sensor.h : Call to function 'delay' without prototyp
            -e

WARNING C183 IN LINE 10 OF sensor.h : 'delay': function definition requires ANS
            -I style parameter list
  11   1       	trigger = 0;

ERROR C014 IN LINE 11 OF sensor.h : Undefined 'trigger'
  12   1       	sen_esq = 0;

ERROR C014 IN LINE 12 OF sensor.h : Undefined 'sen_esq'
  13   1       	while( eco_esq == 0){ LED_VM = 0;}

ERROR C014 IN LINE 13 OF sensor.h : Undefined 'eco_esq'
  14   1       	LED_VM = 1;

ERROR C014 IN LINE 14 OF sensor.h : Undefined 'LED_VM'
  15   1       	while( eco_esq == 1){sen_esq++; }

ERROR C014 IN LINE 15 OF sensor.h : Undefined 'eco_esq'
  16   1      }
  17          
  18          
  19          void sensorDireito(void){
  20   1       	trigger = 1;

ERROR C014 IN LINE 20 OF sensor.h : Undefined 'trigger'
  21   1       	delay(0);
  22   1       	trigger = 0;

ERROR C014 IN LINE 22 OF sensor.h : Undefined 'trigger'
  23   1       	sen_dir = 0;

ERROR C014 IN LINE 23 OF sensor.h : Undefined 'sen_dir'
  24   1       	while( eco_dir == 0 ){LED_AM = 0;}

ERROR C014 IN LINE 24 OF sensor.h : Undefined 'eco_dir'
  25   1       	LED_AM = 1;

ERROR C014 IN LINE 25 OF sensor.h : Undefined 'LED_AM'
  26   1       	while( eco_dir == 1){ sen_dir++; } 	

ERROR C014 IN LINE 26 OF sensor.h : Undefined 'eco_dir'
  27   1      }
  28          
  29          
  30          void sensorFrontal(void){
  31   1       	trigger = 1;

ERROR C014 IN LINE 31 OF sensor.h : Undefined 'trigger'
  32   1       	delay(0);
  33   1       	trigger = 0;

ERROR C014 IN LINE 33 OF sensor.h : Undefined 'trigger'
  34   1       	sen_fro = 0;

ERROR C014 IN LINE 34 OF sensor.h : Undefined 'sen_fro'
  35   1       	while( eco_fro == 0 ){LED_VD = 0;}

ERROR C014 IN LINE 35 OF sensor.h : Undefined 'eco_fro'
  36   1       	LED_VD = 1;

ERROR C014 IN LINE 36 OF sensor.h : Undefined 'LED_VD'
  37   1       	while( eco_fro == 1){ sen_fro++; }

ERROR C014 IN LINE 37 OF sensor.h : Undefined 'eco_fro'
  38   1      }
  39          
RC51 COMPILER V03.03.40,  SENSOR                  10/14/13  21:14:40  PAGE  2

ASSEMBLY LISTING OF GENERATED OBJECT CODE

RC51 COMPILER V03.03.40,  SENSOR                  10/14/13  21:14:40  PAGE  3

NAME                                    CLASS   MSPACE  TYPE    OFFSET  SIZE
====                                    =====   ======  ====    ======  ====

RC51 COMPILER V03.03.40,  SENSOR                  10/14/13  21:14:40  PAGE  4



MODULE INFORMATION:   STATIC OVERLAYABLE
   CODE SIZE        =   ----    ----
   CONSTANT SIZE    =   ----    ----
   XDATA SIZE       =   ----    ----
   PDATA SIZE       =   ----    ----
   DATA SIZE        =   ----    ----
   IDATA SIZE       =   ----    ----
   BIT SIZE         =   ----    ----
END OF MODULE INFORMATION.

RC51 COMPILATION COMPLETE.  2 WARNINGS, 18 ERRORS
